Mono path[0] = 'C:/Games/Fallen.Aces.v0.9.1/game/Fallen Aces_Data/Managed'
Mono config path = 'C:/Games/Fallen.Aces.v0.9.1/game/MonoBleedingEdge/etc'
Input System module state changed to: Initialized.
[Physics::Module] Initialized fallback backend.
[Physics::Module] Id: 0xdecafbad
Loading player data from C:/Games/Fallen.Aces.v0.9.1/game/Fallen Aces_Data/data.unity3d
Initialize engine version: 6000.3.10f1 (e35f0c77bd8e)
[Subsystems] Discovering subsystems at path C:/Games/Fallen.Aces.v0.9.1/game/Fallen Aces_Data/UnitySubsystems
Forcing GfxDevice: Null
GfxDevice: creating device client; kGfxThreadingModeNonThreaded
NullGfxDevice:
    Version:  NULL 1.0 [1.0]
    Renderer: Null Device
    Vendor:   Unity Technologies
Begin MonoManager ReloadAssembly
- Loaded All Assemblies, in  0.056 seconds
- Finished resetting the current domain, in  0.001 seconds
[Physics::Module] Selected backend.
[Physics::Module] Name: PhysX
[Physics::Module] Id: 0xf2b8ea05
[Physics::Module] SDK Version: 4.1.2
[Physics::Module] Integration Version: 1.0.0
[Physics::Module] Threading Mode: Multi-Threaded
Microsoft Media Foundation video decoding to texture disabled: graphics device is Null, only Direct3D 11 and Direct3D 12 (only on desktop) are supported for hardware-accelerated video decoding.
[Message:   BepInEx] BepInEx 5.4.23.5 - Fallen Aces (7/29/2026 4:41:03 AM)
[Info   :   BepInEx] Running under Unity v6000.3.10.14901004
[Info   :   BepInEx] CLR runtime version: 4.0.30319.42000
[Info   :   BepInEx] Supports SRE: True
[Info   :   BepInEx] System platform: Bits64, Windows
[Message:   BepInEx] Preloader started
[Info   :   BepInEx] Loaded 1 patcher method from [BepInEx.Preloader 5.4.23.5]
[Info   :   BepInEx] 1 patcher plugin loaded
[Info   :   BepInEx] Patching [UnityEngine.CoreModule] with [BepInEx.Chainloader]
[Message:   BepInEx] Preloader finished
AsyncResourceUpload failed.
AsyncResourceUpload failed.
UnloadTime: 0.800100 ms
This custom render path shader needs to have at least 1 passes.
Could not find material Hidden/VideoDecode. Make sure the Video shaders are included in your build, in the Built-in Shader Settings section of the Graphics Settings.
Could not find video decode shader pass YCbCr_To_RGB1 in shader <not found>
Could not find video decode shader pass YCbCrA_To_RGBAFull in shader <not found>
Could not find video decode shader pass YCbCrA_To_RGBA in shader <not found>
Could not find video decode shader pass Flip_RGBA_To_RGBA in shader <not found>
Could not find video decode shader pass Flip_RGBASplit_To_RGBA in shader <not found>
Could not find video decode shader pass Flip_NV12_To_RGB1 in shader <not found>
Could not find video decode shader pass Flip_NV12_To_RGBA in shader <not found>
Unloading 6 Unused Serialized files (Serialized files now loaded: 0)
This custom render path shader needs to have at least 1 passes.
Could not find material Hidden/VideoComposite. Make sure the Video shaders are included in your build, in the Built-in Shader Settings section of the Graphics Settings.
Could not find video decode shader pass Default in shader <not found>
Video shaders not found. Make sure the Video shaders are enabled in the Built-in Shader Settings section of the Graphics Settings.
UnloadTime: 0.313100 ms
Unloading 222 unused Assets to reduce memory usage. Loaded Objects now: 21236.
Total: 10.155900 ms (FindLiveObjects: 0.938000 ms CreateObjectMapping: 0.639300 ms MarkObjects: 8.350900 ms  DeleteObjects: 0.227200 ms)

[Physics::Module] Cleanup current backend.
[Physics::Module] Id: 0xf2b8ea05
Input System module state changed to: ShutdownInProgress.
Input System polling thread exited.
Input System module state changed to: Shutdown.
