Mono path[0] = 'C:/Games/Nuclear.Option.v0.33.4/game/NuclearOption_Data/Managed'
Mono config path = 'C:/Games/Nuclear.Option.v0.33.4/game/MonoBleedingEdge/etc'
Fallback handler could not load library C:/Games/Nuclear.Option.v0.33.4/game/NuclearOption_Data/MonoBleedingEdge/data-0000025C8C6C81D0.dll
Fallback handler could not load library C:/Games/Nuclear.Option.v0.33.4/game/NuclearOption_Data/MonoBleedingEdge/data-0000025C9300E040.dll
Input System module state changed to: Initialized.
[PhysX] Initialized MultithreadedTaskDispatcher with 20 workers.
Initialize engine version: 2022.3.62f2 (7670c08855a9)
[Subsystems] Discovering subsystems at path C:/Games/Nuclear.Option.v0.33.4/game/NuclearOption_Data/UnitySubsystems
GfxDevice: creating device client; threaded=0; jobified=0
Direct3D:
    Version:  Direct3D 11.0 [level 11.1]
    Renderer: NVIDIA GeForce RTX 5070 (ID=0x2f04)
    Vendor:   NVIDIA
    VRAM:     11943 MB
    Driver:   32.0.16.1047
Begin MonoManager ReloadAssembly
- Loaded All Assemblies, in  0.077 seconds
- Finished resetting the current domain, in  0.001 seconds
[Message:   BepInEx] BepInEx 5.4.23.5 - NuclearOption (6/12/2026 12:44:34 AM)
[Info   :   BepInEx] Running under Unity v2022.3.62.7762112
[Info   :   BepInEx] CLR runtime version: 4.0.30319.42000
[Info   :   BepInEx] Supports SRE: True
[Info   :   BepInEx] System platform: Bits64, Windows
[Message:   BepInEx] Preloader started
[Info   :   BepInEx] Loaded 1 patcher method from [BepInEx.Preloader 5.4.23.5]
[Info   :   BepInEx] 1 patcher plugin loaded
[Info   :   BepInEx] Patching [UnityEngine.CoreModule] with [BepInEx.Chainloader]
[Message:   BepInEx] Preloader finished
Fallback handler could not load library C:/Games/Nuclear.Option.v0.33.4/game/NuclearOption_Data/MonoBleedingEdge/data-0000025C8C6FC6F0.dll
[PhysX] Initialized MultithreadedTaskDispatcher with 20 workers.
UnloadTime: 46.004300 ms
[MainMenu] RuntimeInitializeOnLoadMethod
Command Line Args: 9
  C:\Games\Nuclear.Option.v0.33.4\game\NuclearOption.exe
  -batchmode
  -amd-smoke
  -screen-width
  960
  -screen-height
  540
  -logFile
  ModSource/AutoMissileDefense/evidence/player.log
Nuclear Option 0.33.4 Starting at 9/28/2026 4:09:06 PM UTC
0.000: [QualityLevels] BeforeInit QualityLevel:High, LOD:2
0.000: [QualityLevels] QualityLevel:High, LOD:2
Setting Job worker Count to 8
0.000: [Resolution] Supported Resolutions, count=14
0.000: [Resolution]  - 1280x720
0.000: [Resolution]  - 1280x768
0.000: [Resolution]  - 1280x800
0.000: [Resolution]  - 1360x768
0.000: [Resolution]  - 1366x768
0.000: [Resolution]  - 1440x900
0.000: [Resolution]  - 1600x900
0.000: [Resolution]  - 1680x1050
0.000: [Resolution]  - 1920x1080
0.000: [Resolution]  - 1920x1200
0.000: [Resolution]  - 2048x1152
0.000: [Resolution]  - 2560x1440
0.000: [Resolution]  - 2560x1600
0.000: [Resolution]  - 3840x2160
0.000: [SteamManager] [SideThread] Running CheckIdFile
0.000: [SteamManager] [SideThread] File exists
d3d11: failed to create 2D texture id=712 width=2048 height=1024 mips=12 dxgifmt=77 [D3D error was 8007000e]
d3d11: failed to create 2D texture shader resource view id=712 [D3D error was 80070057]
d3d11: failed to create 2D texture id=713 width=1024 height=1024 mips=11 dxgifmt=78 [D3D error was 8007000e]
d3d11: failed to create 2D texture shader resource view id=713 [D3D error was 80070057]
d3d11: failed to create 2D texture id=715 width=2048 height=2048 mips=12 dxgifmt=72 [D3D error was 8007000e]
d3d11: failed to create 2D texture shader resource view id=715 [D3D error was 80070057]
d3d11: failed to create 2D texture id=716 width=2048 height=2048 mips=12 dxgifmt=77 [D3D error was 8007000e]
d3d11: failed to create 2D texture shader resource view id=716 [D3D error was 80070057]
d3d11: failed to create 2D texture id=718 width=2048 height=2048 mips=12 dxgifmt=77 [D3D error was 8007000e]
d3d11: failed to create 2D texture shader resource view id=718 [D3D error was 80070057]
d3d11: failed to create 2D texture id=720 width=2048 height=2048 mips=12 dxgifmt=78 [D3D error was 8007000e]
d3d11: failed to create 2D texture shader resource view id=720 [D3D error was 80070057]
d3d11: failed to create 2D texture id=727 width=1024 height=1024 mips=11 dxgifmt=77 [D3D error was 8007000e]
d3d11: failed to create 2D texture shader resource view id=727 [D3D error was 80070057]
d3d11: failed to create 2D texture id=728 width=2048 height=1024 mips=12 dxgifmt=72 [D3D error was 8007000e]
d3d11: failed to create 2D texture shader resource view id=728 [D3D error was 80070057]
d3d11: failed to create 2D texture id=731 width=2048 height=2048 mips=12 dxgifmt=78 [D3D error was 8007000e]
d3d11: failed to create 2D texture shader resource view id=731 [D3D error was 80070057]
d3d11: failed to create 2D texture id=734 width=2048 height=1024 mips=12 dxgifmt=77 [D3D error was 8007000e]
d3d11: failed to create 2D texture shader resource view id=734 [D3D error was 80070057]
d3d11: failed to create 2D texture id=735 width=2048 height=1024 mips=12 dxgifmt=77 [D3D error was 8007000e]
d3d11: failed to create 2D texture shader resource view id=735 [D3D error was 80070057]
d3d11: failed to create 2D texture id=736 width=2048 height=2048 mips=12 dxgifmt=77 [D3D error was 8007000e]
d3d11: failed to create 2D texture shader resource view id=736 [D3D error was 80070057]
d3d11: failed to create 2D texture id=737 width=2048 height=2048 mips=12 dxgifmt=72 [D3D error was 8007000e]
d3d11: failed to create 2D texture shader resource view id=737 [D3D error was 80070057]
d3d11: failed to create 2D texture id=738 width=2048 height=2048 mips=12 dxgifmt=78 [D3D error was 8007000e]
d3d11: failed to create 2D texture shader resource view id=738 [D3D error was 80070057]
d3d11: failed to create 2D texture id=742 width=2048 height=2048 mips=12 dxgifmt=78 [D3D error was 8007000e]
d3d11: failed to create 2D texture shader resource view id=742 [D3D error was 80070057]
d3d11: failed to create 2D texture id=745 width=2048 height=2048 mips=12 dxgifmt=78 [D3D error was 8007000e]
d3d11: failed to create 2D texture shader resource view id=745 [D3D error was 80070057]
d3d11: failed to create 2D texture id=753 width=512 height=512 mips=10 dxgifmt=78 [D3D error was 8007000e]
d3d11: failed to create 2D texture shader resource view id=753 [D3D error was 80070057]
d3d11: failed to create 2D texture id=755 width=2048 height=2048 mips=12 dxgifmt=77 [D3D error was 8007000e]
d3d11: failed to create 2D texture shader resource view id=755 [D3D error was 80070057]
d3d11: failed to create 2D texture id=756 width=1024 height=1024 mips=11 dxgifmt=78 [D3D error was 8007000e]
d3d11: failed to create 2D texture shader resource view id=756 [D3D error was 80070057]
d3d11: failed to create 2D texture id=758 width=512 height=256 mips=10 dxgifmt=72 [D3D error was 8007000e]
d3d11: failed to create 2D texture shader resource view id=758 [D3D error was 80070057]
d3d11: failed to create 2D texture id=761 width=2048 height=2048 mips=12 dxgifmt=77 [D3D error was 8007000e]
d3d11: failed to create 2D texture shader resource view id=761 [D3D error was 80070057]
d3d11: failed to create 2D texture id=763 width=2048 height=2048 mips=12 dxgifmt=78 [D3D error was 8007000e]
d3d11: failed to create 2D texture shader resource view id=763 [D3D error was 80070057]
d3d11: failed to create 2D texture id=766 width=1024 height=1024 mips=11 dxgifmt=77 [D3D error was 8007000e]
d3d11: failed to create 2D texture shader resource view id=766 [D3D error was 80070057]
d3d11: failed to create 2D texture id=768 width=1024 height=1024 mips=11 dxgifmt=77 [D3D error was 8007000e]
d3d11: failed to create 2D texture shader resource view id=768 [D3D error was 80070057]
d3d11: failed to create 2D texture id=769 width=2048 height=2048 mips=12 dxgifmt=77 [D3D error was 8007000e]
d3d11: failed to create 2D texture shader resource view id=769 [D3D error was 80070057]
d3d11: failed to create 2D texture id=778 width=2048 height=2048 mips=12 dxgifmt=77 [D3D error was 8007000e]
d3d11: failed to create 2D texture shader resource view id=778 [D3D error was 80070057]
d3d11: failed to create 2D texture id=779 width=2048 height=2048 mips=12 dxgifmt=77 [D3D error was 8007000e]
d3d11: failed to create 2D texture shader resource view id=779 [D3D error was 80070057]
d3d11: failed to create 2D texture id=783 width=2048 height=2048 mips=12 dxgifmt=72 [D3D error was 8007000e]
d3d11: failed to create 2D texture shader resource view id=783 [D3D error was 80070057]
d3d11: failed to create 2D texture id=785 width=1024 height=1024 mips=11 dxgifmt=77 [D3D error was 8007000e]
d3d11: failed to create 2D texture shader resource view id=785 [D3D error was 80070057]
d3d11: failed to create 2D texture id=786 width=2048 height=2048 mips=12 dxgifmt=71 [D3D error was 8007000e]
d3d11: failed to create 2D texture shader resource view id=786 [D3D error was 80070057]
d3d11: failed to create 2D texture id=790 width=2048 height=2048 mips=12 dxgifmt=72 [D3D error was 8007000e]
d3d11: failed to create 2D texture shader resource view id=790 [D3D error was 80070057]
d3d11: failed to create 2D texture id=791 width=512 height=2048 mips=12 dxgifmt=78 [D3D error was 8007000e]
d3d11: failed to create 2D texture shader resource view id=791 [D3D error was 80070057]
d3d11: failed to create 2D texture id=792 width=512 height=512 mips=10 dxgifmt=71 [D3D error was 8007000e]
d3d11: failed to create 2D texture shader resource view id=792 [D3D error was 80070057]
d3d11: failed to create 2D texture id=795 width=2048 height=2048 mips=12 dxgifmt=78 [D3D error was 8007000e]
d3d11: failed to create 2D texture shader resource view id=795 [D3D error was 80070057]
d3d11: failed to create 2D texture id=796 width=1024 height=1024 mips=11 dxgifmt=78 [D3D error was 8007000e]
d3d11: failed to create 2D texture shader resource view id=796 [D3D error was 80070057]
d3d11: failed to create 2D texture id=797 width=2048 height=1024 mips=12 dxgifmt=77 [D3D error was 8007000e]
d3d11: failed to create 2D texture shader resource view id=797 [D3D error was 80070057]
d3d11: failed to create 2D texture id=799 width=2048 height=2048 mips=12 dxgifmt=71 [D3D error was 8007000e]
d3d11: failed to create 2D texture shader resource view id=799 [D3D error was 80070057]
d3d11: failed to create 2D texture id=802 width=1024 height=1024 mips=11 dxgifmt=77 [D3D error was 8007000e]
d3d11: failed to create 2D texture shader resource view id=802 [D3D error was 80070057]
d3d11: failed to create 2D texture id=806 width=1024 height=1024 mips=11 dxgifmt=77 [D3D error was 8007000e]
d3d11: failed to create 2D texture shader resource view id=806 [D3D error was 80070057]
d3d11: failed to create 2D texture id=807 width=2048 height=2048 mips=12 dxgifmt=72 [D3D error was 8007000e]
d3d11: failed to create 2D texture shader resource view id=807 [D3D error was 80070057]
d3d11: failed to create 2D texture id=810 width=2048 height=1024 mips=12 dxgifmt=77 [D3D error was 8007000e]
d3d11: failed to create 2D texture shader resource view id=810 [D3D error was 80070057]
d3d11: failed to create 2D texture id=811 width=1024 height=1024 mips=11 dxgifmt=78 [D3D error was 8007000e]
d3d11: failed to create 2D texture shader resource view id=811 [D3D error was 80070057]
d3d11: failed to create 2D texture id=813 width=512 height=256 mips=10 dxgifmt=72 [D3D error was 8007000e]
d3d11: failed to create 2D texture shader resource view id=813 [D3D error was 80070057]
d3d11: failed to create 2D texture id=815 width=2048 height=1024 mips=12 dxgifmt=77 [D3D error was 8007000e]
d3d11: failed to create 2D texture shader resource view id=815 [D3D error was 80070057]
d3d11: failed to create 2D texture id=816 width=1024 height=1024 mips=11 dxgifmt=78 [D3D error was 8007000e]
d3d11: failed to create 2D texture shader resource view id=816 [D3D error was 80070057]
d3d11: failed to create 2D texture id=819 width=2048 height=2048 mips=12 dxgifmt=71 [D3D error was 8007000e]
d3d11: failed to create 2D texture shader resource view id=819 [D3D error was 80070057]
d3d11: failed to create 2D texture id=820 width=512 height=1024 mips=11 dxgifmt=71 [D3D error was 8007000e]
d3d11: failed to create 2D texture shader resource view id=820 [D3D error was 80070057]
d3d11: failed to create 2D texture id=821 width=512 height=512 mips=10 dxgifmt=72 [D3D error was 8007000e]
d3d11: failed to create 2D texture shader resource view id=821 [D3D error was 80070057]
d3d11: failed to create 2D texture id=822 width=512 height=512 mips=10 dxgifmt=78 [D3D error was 8007000e]
d3d11: failed to create 2D texture shader resource view id=822 [D3D error was 80070057]
d3d11: failed to create 2D texture id=825 width=128 height=128 mips=8 dxgifmt=72 [D3D error was 8007000e]
d3d11: failed to create 2D texture shader resource view id=825 [D3D error was 80070057]
d3d11: failed to create 2D texture id=826 width=512 height=512 mips=10 dxgifmt=78 [D3D error was 8007000e]
d3d11: failed to create 2D texture shader resource view id=826 [D3D error was 80070057]
d3d11: failed to create 2D texture id=829 width=512 height=256 mips=10 dxgifmt=72 [D3D error was 8007000e]
d3d11: failed to create 2D texture shader resource view id=829 [D3D error was 80070057]
d3d11: failed to create 2D texture id=830 width=512 height=512 mips=10 dxgifmt=72 [D3D error was 8007000e]
d3d11: failed to create 2D texture shader resource view id=830 [D3D error was 80070057]
d3d11: failed to create 2D texture id=832 width=4096 height=256 mips=13 dxgifmt=78 [D3D error was 8007000e]
d3d11: failed to create 2D texture shader resource view id=832 [D3D error was 80070057]
d3d11: failed to create 2D texture id=833 width=2048 height=1024 mips=12 dxgifmt=72 [D3D error was 8007000e]
d3d11: failed to create 2D texture shader resource view id=833 [D3D error was 80070057]
d3d11: failed to create 2D texture id=835 width=1024 height=1024 mips=11 dxgifmt=72 [D3D error was 8007000e]
d3d11: failed to create 2D texture shader resource view id=835 [D3D error was 80070057]
d3d11: failed to create 2D texture id=836 width=600 height=355 mips=10 dxgifmt=29 [D3D error was 8007000e]
d3d11: failed to create 2D texture shader resource view id=836 [D3D error was 80070057]
d3d11: failed to create 2D texture id=837 width=512 height=256 mips=10 dxgifmt=72 [D3D error was 8007000e]
d3d11: failed to create 2D texture shader resource view id=837 [D3D error was 80070057]
d3d11: failed to create 2D texture id=838 width=2048 height=1024 mips=12 dxgifmt=77 [D3D error was 8007000e]
d3d11: failed to create 2D texture shader resource view id=838 [D3D error was 80070057]
d3d11: failed to create 2D texture id=839 width=1024 height=1024 mips=11 dxgifmt=72 [D3D error was 8007000e]
d3d11: failed to create 2D texture shader resource view id=839 [D3D error was 80070057]
d3d11: failed to create 2D texture id=841 width=1024 height=1024 mips=11 dxgifmt=77 [D3D error was 8007000e]
d3d11: failed to create 2D texture shader resource view id=841 [D3D error was 80070057]
d3d11: failed to create 2D texture id=844 width=1024 height=1024 mips=11 dxgifmt=78 [D3D error was 8007000e]
d3d11: failed to create 2D texture shader resource view id=844 [D3D error was 80070057]
d3d11: failed to create 2D texture id=847 width=512 height=512 mips=10 dxgifmt=71 [D3D error was 8007000e]
d3d11: failed to create 2D texture shader resource view id=847 [D3D error was 80070057]
d3d11: failed to create 2D texture id=848 width=2048 height=2048 mips=12 dxgifmt=72 [D3D error was 8007000e]
d3d11: failed to create 2D texture shader resource view id=848 [D3D error was 80070057]
d3d11: failed to create 2D texture id=849 width=2048 height=1024 mips=12 dxgifmt=72 [D3D error was 8007000e]
d3d11: failed to create 2D texture shader resource view id=849 [D3D error was 80070057]
d3d11: failed to create 2D texture id=850 width=2048 height=1024 mips=12 dxgifmt=72 [D3D error was 8007000e]
d3d11: failed to create 2D texture shader resource view id=850 [D3D error was 80070057]
d3d11: failed to create 2D texture id=852 width=256 height=256 mips=9 dxgifmt=78 [D3D error was 8007000e]
d3d11: failed to create 2D texture shader resource view id=852 [D3D error was 80070057]
d3d11: failed to create 2D texture id=859 width=2048 height=2048 mips=12 dxgifmt=77 [D3D error was 8007000e]
d3d11: failed to create 2D texture shader resource view id=859 [D3D error was 80070057]
d3d11: failed to create 2D texture id=861 width=1024 height=1024 mips=11 dxgifmt=72 [D3D error was 8007000e]
d3d11: failed to create 2D texture shader resource view id=861 [D3D error was 80070057]
d3d11: failed to create 2D texture id=863 width=1024 height=1024 mips=11 dxgifmt=71 [D3D error was 8007000e]
d3d11: failed to create 2D texture shader resource view id=863 [D3D error was 80070057]
d3d11: failed to create 2D texture id=867 width=128 height=2048 mips=12 dxgifmt=77 [D3D error was 8007000e]
d3d11: failed to create 2D texture shader resource view id=867 [D3D error was 80070057]
d3d11: failed to create 2D texture id=869 width=1024 height=1024 mips=11 dxgifmt=77 [D3D error was 8007000e]
d3d11: failed to create 2D texture shader resource view id=869 [D3D error was 80070057]
d3d11: failed to create 2D texture id=870 width=256 height=256 mips=9 dxgifmt=78 [D3D error was 8007000e]
d3d11: failed to create 2D texture shader resource view id=870 [D3D error was 80070057]
d3d11: failed to create 2D texture id=871 width=1024 height=1024 mips=11 dxgifmt=77 [D3D error was 8007000e]
d3d11: failed to create 2D texture shader resource view id=871 [D3D error was 80070057]
d3d11: failed to create 2D texture id=872 width=2048 height=2048 mips=12 dxgifmt=72 [D3D error was 8007000e]
d3d11: failed to create 2D texture shader resource view id=872 [D3D error was 80070057]
d3d11: failed to create 2D texture id=873 width=2048 height=2048 mips=12 dxgifmt=72 [D3D error was 8007000e]
d3d11: failed to create 2D texture shader resource view id=873 [D3D error was 80070057]
d3d11: failed to create 2D texture id=874 width=2048 height=2048 mips=12 dxgifmt=77 [D3D error was 8007000e]
d3d11: failed to create 2D texture shader resource view id=874 [D3D error was 80070057]
d3d11: failed to create 2D texture id=878 width=2048 height=1024 mips=12 dxgifmt=78 [D3D error was 8007000e]
d3d11: failed to create 2D texture shader resource view id=878 [D3D error was 80070057]
d3d11: failed to create 2D texture id=879 width=1024 height=1024 mips=11 dxgifmt=77 [D3D error was 8007000e]
d3d11: failed to create 2D texture shader resource view id=879 [D3D error was 80070057]
d3d11: failed to create 2D texture id=880 width=2048 height=2048 mips=12 dxgifmt=78 [D3D error was 8007000e]
d3d11: failed to create 2D texture shader resource view id=880 [D3D error was 80070057]
d3d11: failed to create 2D texture id=885 width=2048 height=2048 mips=12 dxgifmt=78 [D3D error was 8007000e]
d3d11: failed to create 2D texture shader resource view id=885 [D3D error was 80070057]
d3d11: failed to create 2D texture id=887 width=1024 height=1024 mips=11 dxgifmt=77 [D3D error was 8007000e]
d3d11: failed to create 2D texture shader resource view id=887 [D3D error was 80070057]
d3d11: failed to create 2D texture id=892 width=512 height=512 mips=10 dxgifmt=72 [D3D error was 8007000e]
d3d11: failed to create 2D texture shader resource view id=892 [D3D error was 80070057]
d3d11: failed to create 2D texture id=893 width=2048 height=1024 mips=12 dxgifmt=72 [D3D error was 8007000e]
d3d11: failed to create 2D texture shader resource view id=893 [D3D error was 80070057]
d3d11: failed to create 2D texture id=894 width=512 height=512 mips=10 dxgifmt=72 [D3D error was 8007000e]
d3d11: failed to create 2D texture shader resource view id=894 [D3D error was 80070057]
d3d11: failed to create 2D texture id=896 width=2048 height=2048 mips=12 dxgifmt=77 [D3D error was 8007000e]
d3d11: failed to create 2D texture shader resource view id=896 [D3D error was 80070057]
d3d11: failed to create 2D texture id=897 width=1024 height=512 mips=11 dxgifmt=71 [D3D error was 8007000e]
d3d11: failed to create 2D texture shader resource view id=897 [D3D error was 80070057]
d3d11: failed to create 2D texture id=898 width=1024 height=1024 mips=11 dxgifmt=77 [D3D error was 8007000e]
d3d11: failed to create 2D texture shader resource view id=898 [D3D error was 80070057]
d3d11: failed to create 2D texture id=903 width=512 height=512 mips=1 dxgifmt=78 [D3D error was 8007000e]
d3d11: failed to create 2D texture shader resource view id=903 [D3D error was 80070057]
d3d11: failed to create 2D texture id=904 width=1024 height=1024 mips=11 dxgifmt=78 [D3D error was 8007000e]
d3d11: failed to create 2D texture shader resource view id=904 [D3D error was 80070057]
d3d11: failed to create 2D texture id=905 width=2048 height=1024 mips=12 dxgifmt=77 [D3D error was 8007000e]
d3d11: failed to create 2D texture shader resource view id=905 [D3D error was 80070057]
d3d11: failed to create 2D texture id=906 width=2048 height=2048 mips=12 dxgifmt=71 [D3D error was 8007000e]
d3d11: failed to create 2D texture shader resource view id=906 [D3D error was 80070057]
d3d11: failed to create 2D texture id=909 width=128 height=128 mips=8 dxgifmt=71 [D3D error was 8007000e]
d3d11: failed to create 2D texture shader resource view id=909 [D3D error was 80070057]
d3d11: failed to create 2D texture id=910 width=128 height=128 mips=8 dxgifmt=72 [D3D error was 8007000e]
d3d11: failed to create 2D texture shader resource view id=910 [D3D error was 80070057]
d3d11: failed to create 2D texture id=911 width=512 height=256 mips=10 dxgifmt=72 [D3D error was 8007000e]
d3d11: failed to create 2D texture shader resource view id=911 [D3D error was 80070057]
d3d11: failed to create 2D texture id=912 width=1024 height=1024 mips=11 dxgifmt=77 [D3D error was 8007000e]
d3d11: failed to create 2D texture shader resource view id=912 [D3D error was 80070057]
d3d11: failed to create 2D texture id=913 width=1024 height=1024 mips=11 dxgifmt=78 [D3D error was 8007000e]
d3d11: failed to create 2D texture shader resource view id=913 [D3D error was 80070057]
d3d11: failed to create 2D texture id=914 width=512 height=1024 mips=11 dxgifmt=72 [D3D error was 8007000e]
d3d11: failed to create 2D texture shader resource view id=914 [D3D error was 80070057]
d3d11: failed to create 2D texture id=917 width=2048 height=2048 mips=12 dxgifmt=77 [D3D error was 8007000e]
d3d11: failed to create 2D texture shader resource view id=917 [D3D error was 80070057]
d3d11: failed to create 2D texture id=918 width=1024 height=1024 mips=11 dxgifmt=77 [D3D error was 8007000e]
d3d11: failed to create 2D texture shader resource view id=918 [D3D error was 80070057]
d3d11: failed to create 2D texture id=919 width=512 height=256 mips=10 dxgifmt=72 [D3D error was 8007000e]
d3d11: failed to create 2D texture shader resource view id=919 [D3D error was 80070057]
d3d11: failed to create 2D texture id=920 width=128 height=128 mips=8 dxgifmt=72 [D3D error was 8007000e]
d3d11: failed to create 2D texture shader resource view id=920 [D3D error was 80070057]
d3d11: failed to create 2D texture id=921 width=512 height=512 mips=10 dxgifmt=78 [D3D error was 8007000e]
d3d11: failed to create 2D texture shader resource view id=921 [D3D error was 80070057]
d3d11: failed to create 2D texture id=924 width=1024 height=1024 mips=11 dxgifmt=71 [D3D error was 8007000e]
d3d11: failed to create 2D texture shader resource view id=924 [D3D error was 80070057]
d3d11: failed to create 2D texture id=925 width=512 height=512 mips=1 dxgifmt=78 [D3D error was 8007000e]
d3d11: failed to create 2D texture shader resource view id=925 [D3D error was 80070057]
d3d11: failed to create 2D texture id=926 width=128 height=128 mips=8 dxgifmt=72 [D3D error was 8007000e]
d3d11: failed to create 2D texture shader resource view id=926 [D3D error was 80070057]
d3d11: failed to create 2D texture id=927 width=512 height=512 mips=10 dxgifmt=77 [D3D error was 8007000e]
d3d11: failed to create 2D texture shader resource view id=927 [D3D error was 80070057]
d3d11: failed to create 2D texture id=928 width=512 height=512 mips=10 dxgifmt=77 [D3D error was 8007000e]
d3d11: failed to create 2D texture shader resource view id=928 [D3D error was 80070057]
d3d11: failed to create 2D texture id=929 width=512 height=512 mips=10 dxgifmt=77 [D3D error was 8007000e]
d3d11: failed to create 2D texture shader resource view id=929 [D3D error was 80070057]
d3d11: failed to create 2D texture id=930 width=256 height=2048 mips=12 dxgifmt=77 [D3D error was 8007000e]
d3d11: failed to create 2D texture shader resource view id=930 [D3D error was 80070057]
d3d11: failed to create 2D texture id=931 width=2048 height=2048 mips=12 dxgifmt=77 [D3D error was 8007000e]
d3d11: failed to create 2D texture shader resource view id=931 [D3D error was 80070057]
d3d11: failed to create 2D texture id=932 width=512 height=512 mips=10 dxgifmt=71 [D3D error was 8007000e]
d3d11: failed to create 2D texture shader resource view id=932 [D3D error was 80070057]
d3d11: failed to create 2D texture id=936 width=512 height=512 mips=10 dxgifmt=77 [D3D error was 8007000e]
d3d11: failed to create 2D texture shader resource view id=936 [D3D error was 80070057]
d3d11: failed to create 2D texture id=937 width=512 height=256 mips=10 dxgifmt=72 [D3D error was 8007000e]
d3d11: failed to create 2D texture shader resource view id=937 [D3D error was 80070057]
d3d11: failed to create 2D texture id=938 width=2048 height=1024 mips=12 dxgifmt=71 [D3D error was 8007000e]
d3d11: failed to create 2D texture shader resource view id=938 [D3D error was 80070057]
d3d11: failed to create 2D texture id=939 width=1024 height=1024 mips=1 dxgifmt=72 [D3D error was 8007000e]
d3d11: failed to create 2D texture shader resource view id=939 [D3D error was 80070057]
d3d11: failed to create 2D texture id=940 width=512 height=256 mips=10 dxgifmt=72 [D3D error was 8007000e]
d3d11: failed to create 2D texture shader resource view id=940 [D3D error was 80070057]
d3d11: failed to create 2D texture id=941 width=512 height=512 mips=10 dxgifmt=78 [D3D error was 8007000e]
d3d11: failed to create 2D texture shader resource view id=941 [D3D error was 80070057]
d3d11: failed to create 2D texture id=944 width=1024 height=1024 mips=11 dxgifmt=72 [D3D error was 8007000e]
d3d11: failed to create 2D texture shader resource view id=944 [D3D error was 80070057]
d3d11: failed to create 2D texture id=945 width=128 height=2048 mips=12 dxgifmt=78 [D3D error was 8007000e]
d3d11: failed to create 2D texture shader resource view id=945 [D3D error was 80070057]
d3d11: failed to create 2D texture id=946 width=128 height=128 mips=8 dxgifmt=71 [D3D error was 8007000e]
d3d11: failed to create 2D texture shader resource view id=946 [D3D error was 80070057]
d3d11: failed to create 2D texture id=947 width=512 height=512 mips=10 dxgifmt=78 [D3D error was 8007000e]
d3d11: failed to create 2D texture shader resource view id=947 [D3D error was 80070057]
d3d11: failed to create 2D texture id=949 width=512 height=256 mips=1 dxgifmt=72 [D3D error was 8007000e]
d3d11: failed to create 2D texture shader resource view id=949 [D3D error was 80070057]
d3d11: failed to create 2D texture id=950 width=1024 height=1024 mips=11 dxgifmt=72 [D3D error was 8007000e]
d3d11: failed to create 2D texture shader resource view id=950 [D3D error was 80070057]
d3d11: failed to create 2D texture id=952 width=512 height=256 mips=10 dxgifmt=72 [D3D error was 8007000e]
d3d11: failed to create 2D texture shader resource view id=952 [D3D error was 80070057]
d3d11: failed to create 2D texture id=953 width=512 height=256 mips=10 dxgifmt=72 [D3D error was 8007000e]
d3d11: failed to create 2D texture shader resource view id=953 [D3D error was 80070057]
d3d11: failed to create 2D texture id=954 width=512 height=512 mips=10 dxgifmt=71 [D3D error was 8007000e]
d3d11: failed to create 2D texture shader resource view id=954 [D3D error was 80070057]
d3d11: failed to create 2D texture id=955 width=2048 height=1024 mips=12 dxgifmt=71 [D3D error was 8007000e]
d3d11: failed to create 2D texture shader resource view id=955 [D3D error was 80070057]
d3d11: failed to create 2D texture id=957 width=512 height=512 mips=10 dxgifmt=77 [D3D error was 8007000e]
d3d11: failed to create 2D texture shader resource view id=957 [D3D error was 80070057]
d3d11: failed to create 2D texture id=958 width=2048 height=1024 mips=12 dxgifmt=77 [D3D error was 8007000e]
d3d11: failed to create 2D texture shader resource view id=958 [D3D error was 80070057]
d3d11: failed to create 2D texture id=961 width=1024 height=2048 mips=12 dxgifmt=78 [D3D error was 8007000e]
d3d11: failed to create 2D texture shader resource view id=961 [D3D error was 80070057]
d3d11: failed to create 2D texture id=962 width=256 height=256 mips=9 dxgifmt=78 [D3D error was 8007000e]
d3d11: failed to create 2D texture shader resource view id=962 [D3D error was 80070057]
d3d11: failed to create 2D texture id=965 width=512 height=512 mips=10 dxgifmt=72 [D3D error was 8007000e]
d3d11: failed to create 2D texture shader resource view id=965 [D3D error was 80070057]
d3d11: failed to create 2D texture id=966 width=512 height=256 mips=10 dxgifmt=72 [D3D error was 8007000e]
d3d11: failed to create 2D texture shader resource view id=966 [D3D error was 80070057]
d3d11: failed to create 2D texture id=967 width=128 height=128 mips=8 dxgifmt=72 [D3D error was 8007000e]
d3d11: failed to create 2D texture shader resource view id=967 [D3D error was 80070057]
d3d11: failed to create 2D texture id=968 width=2048 height=1024 mips=12 dxgifmt=71 [D3D error was 8007000e]
d3d11: failed to create 2D texture shader resource view id=968 [D3D error was 80070057]
d3d11: failed to create 2D texture id=969 width=2048 height=2048 mips=12 dxgifmt=78 [D3D error was 8007000e]
d3d11: failed to create 2D texture shader resource view id=969 [D3D error was 80070057]
d3d11: failed to create 2D texture id=970 width=128 height=128 mips=8 dxgifmt=72 [D3D error was 8007000e]
d3d11: failed to create 2D texture shader resource view id=970 [D3D error was 80070057]
d3d11: failed to create 2D texture id=972 width=128 height=128 mips=8 dxgifmt=72 [D3D error was 8007000e]
d3d11: failed to create 2D texture shader resource view id=972 [D3D error was 80070057]
d3d11: failed to create 2D texture id=975 width=512 height=512 mips=10 dxgifmt=78 [D3D error was 8007000e]
d3d11: failed to create 2D texture shader resource view id=975 [D3D error was 80070057]
d3d11: failed to create 2D texture id=976 width=512 height=512 mips=10 dxgifmt=72 [D3D error was 8007000e]
d3d11: failed to create 2D texture shader resource view id=976 [D3D error was 80070057]
d3d11: failed to create 2D texture id=977 width=2048 height=2048 mips=12 dxgifmt=72 [D3D error was 8007000e]
d3d11: failed to create 2D texture shader resource view id=977 [D3D error was 80070057]
d3d11: failed to create 2D texture id=978 width=512 height=512 mips=10 dxgifmt=72 [D3D error was 8007000e]
d3d11: failed to create 2D texture shader resource view id=978 [D3D error was 80070057]
d3d11: failed to create 2D texture id=979 width=512 height=256 mips=10 dxgifmt=72 [D3D error was 8007000e]
d3d11: failed to create 2D texture shader resource view id=979 [D3D error was 80070057]
d3d11: failed to create 2D texture id=983 width=1024 height=1024 mips=1 dxgifmt=72 [D3D error was 8007000e]
d3d11: failed to create 2D texture shader resource view id=983 [D3D error was 80070057]
d3d11: failed to create 2D texture id=984 width=64 height=128 mips=8 dxgifmt=72 [D3D error was 8007000e]
d3d11: failed to create 2D texture shader resource view id=984 [D3D error was 80070057]
d3d11: failed to create 2D texture id=985 width=2048 height=2048 mips=12 dxgifmt=78 [D3D error was 8007000e]
d3d11: failed to create 2D texture shader resource view id=985 [D3D error was 80070057]
d3d11: failed to create 2D texture id=986 width=512 height=256 mips=10 dxgifmt=72 [D3D error was 8007000e]
d3d11: failed to create 2D texture shader resource view id=986 [D3D error was 80070057]
d3d11: failed to create 2D texture id=988 width=2048 height=1024 mips=12 dxgifmt=72 [D3D error was 8007000e]
d3d11: failed to create 2D texture shader resource view id=988 [D3D error was 80070057]
d3d11: failed to create 2D texture id=989 width=512 height=512 mips=10 dxgifmt=72 [D3D error was 8007000e]
d3d11: failed to create 2D texture shader resource view id=989 [D3D error was 80070057]
d3d11: failed to create 2D texture id=990 width=1024 height=1024 mips=11 dxgifmt=78 [D3D error was 8007000e]
d3d11: failed to create 2D texture shader resource view id=990 [D3D error was 80070057]
d3d11: failed to create 2D texture id=991 width=64 height=128 mips=8 dxgifmt=72 [D3D error was 8007000e]
d3d11: failed to create 2D texture shader resource view id=991 [D3D error was 80070057]
d3d11: failed to create 2D texture id=992 width=512 height=512 mips=10 dxgifmt=77 [D3D error was 8007000e]
d3d11: failed to create 2D texture shader resource view id=992 [D3D error was 80070057]
d3d11: failed to create 2D texture id=993 width=512 height=512 mips=10 dxgifmt=72 [D3D error was 8007000e]
d3d11: failed to create 2D texture shader resource view id=993 [D3D error was 80070057]
d3d11: failed to create 2D texture id=994 width=256 height=512 mips=10 dxgifmt=72 [D3D error was 8007000e]
d3d11: failed to create 2D texture shader resource view id=994 [D3D error was 80070057]
d3d11: failed to create 2D texture id=998 width=2048 height=2048 mips=12 dxgifmt=77 [D3D error was 8007000e]
d3d11: failed to create 2D texture shader resource view id=998 [D3D error was 80070057]
d3d11: failed to create 2D texture id=999 width=128 height=128 mips=1 dxgifmt=72 [D3D error was 8007000e]
d3d11: failed to create 2D texture shader resource view id=999 [D3D error was 80070057]
d3d11: failed to create 2D texture id=1000 width=256 height=256 mips=9 dxgifmt=72 [D3D error was 8007000e]
d3d11: failed to create 2D texture shader resource view id=1000 [D3D error was 80070057]
d3d11: failed to create 2D texture id=1001 width=512 height=512 mips=10 dxgifmt=77 [D3D error was 8007000e]
d3d11: failed to create 2D texture shader resource view id=1001 [D3D error was 80070057]
d3d11: failed to create 2D texture id=1010 width=2048 height=2048 mips=12 dxgifmt=77 [D3D error was 8007000e]
d3d11: failed to create 2D texture shader resource view id=1010 [D3D error was 80070057]
d3d11: failed to create 2D texture id=1014 width=64 height=128 mips=1 dxgifmt=72 [D3D error was 887a0005]
d3d11: failed to create 2D texture shader resource view id=1013 [D3D error was 887a0005]
d3d11: failed to create 2D texture id=1015 width=2048 height=2048 mips=12 dxgifmt=72 [D3D error was 887a0005]
d3d11: failed to create 2D texture shader resource view id=1014 [D3D error was 80070057]
d3d11: failed to create 2D texture id=1016 width=1024 height=1024 mips=11 dxgifmt=72 [D3D error was 887a0005]
d3d11: failed to create 2D texture shader resource view id=1015 [D3D error was 80070057]
d3d11: failed to create 2D texture shader resource view id=1016 [D3D error was 80070057]
d3d11: failed to create 2D texture id=1017 width=512 height=2048 mips=12 dxgifmt=71 [D3D error was 887a0005]
d3d11: failed to create 2D texture shader resource view id=1017 [D3D error was 80070057]
d3d11: failed to create 2D texture id=1018 width=512 height=256 mips=10 dxgifmt=72 [D3D error was 887a0005]
d3d11: failed to create 2D texture shader resource view id=1018 [D3D error was 80070057]
d3d11: failed to create 2D texture id=1019 width=512 height=512 mips=10 dxgifmt=77 [D3D error was 887a0005]
d3d11: failed to create 2D texture shader resource view id=1019 [D3D error was 80070057]
d3d11: failed to create 2D texture id=1020 width=128 height=128 mips=1 dxgifmt=72 [D3D error was 887a0005]
d3d11: failed to create 2D texture id=1021 width=128 height=128 mips=1 dxgifmt=72 [D3D error was 887a0005]
d3d11: failed to create 2D texture shader resource view id=1020 [D3D error was 80070057]
d3d11: failed to create 2D texture id=1022 width=128 height=64 mips=8 dxgifmt=72 [D3D error was 887a0005]
d3d11: failed to create 2D texture shader resource view id=1021 [D3D error was 80070057]
d3d11: failed to create 2D texture id=1023 width=128 height=128 mips=8 dxgifmt=72 [D3D error was 887a0005]
d3d11: failed to create 2D texture shader resource view id=1022 [D3D error was 80070057]
d3d11: failed to create 2D texture shader resource view id=1023 [D3D error was 80070057]
d3d11: failed to create 2D texture id=1024 width=512 height=512 mips=10 dxgifmt=78 [D3D error was 887a0005]
d3d11: failed to create 2D texture shader resource view id=1024 [D3D error was 80070057]
d3d11: failed to create 2D texture id=1025 width=2048 height=2048 mips=12 dxgifmt=71 [D3D error was 887a0005]
d3d11: failed to create 2D texture shader resource view id=1025 [D3D error was 80070057]
d3d11: failed to create 2D texture id=1026 width=2048 height=2048 mips=12 dxgifmt=77 [D3D error was 887a0005]
d3d11: failed to create 2D texture shader resource view id=1026 [D3D error was 80070057]
d3d11: failed to create 2D texture id=1027 width=1024 height=1024 mips=11 dxgifmt=78 [D3D error was 887a0005]
d3d11: failed to create 2D texture shader resource view id=1027 [D3D error was 80070057]
d3d11: failed to create 2D texture id=1028 width=512 height=256 mips=10 dxgifmt=72 [D3D error was 887a0005]
d3d11: failed to create 2D texture shader resource view id=1028 [D3D error was 80070057]
d3d11: failed to create 2D texture id=1029 width=128 height=64 mips=1 dxgifmt=72 [D3D error was 887a0005]
d3d11: failed to create 2D texture shader resource view id=1029 [D3D error was 80070057]
d3d11: failed to create 2D texture id=1030 width=1024 height=1024 mips=11 dxgifmt=72 [D3D error was 887a0005]
d3d11: failed to create 2D texture shader resource view id=1030 [D3D error was 80070057]
d3d11: failed to create 2D texture id=1031 width=2048 height=2048 mips=12 dxgifmt=72 [D3D error was 887a0005]
d3d11: failed to create 2D texture shader resource view id=1031 [D3D error was 80070057]
d3d11: failed to create 2D texture id=1032 width=512 height=512 mips=10 dxgifmt=72 [D3D error was 887a0005]
d3d11: failed to create 2D texture id=1033 width=128 height=64 mips=1 dxgifmt=72 [D3D error was 887a0005]
d3d11: failed to create 2D texture shader resource view id=1032 [D3D error was 80070057]
d3d11: failed to create 2D texture shader resource view id=1033 [D3D error was 80070057]
d3d11: failed to create 2D texture id=1034 width=512 height=256 mips=10 dxgifmt=72 [D3D error was 887a0005]
d3d11: failed to create 2D texture shader resource view id=1034 [D3D error was 80070057]
d3d11: failed to create 2D texture id=1035 width=512 height=512 mips=10 dxgifmt=72 [D3D error was 887a0005]
d3d11: failed to create 2D texture shader resource view id=1035 [D3D error was 80070057]
d3d11: failed to create 2D texture id=1036 width=1024 height=1024 mips=11 dxgifmt=78 [D3D error was 887a0005]
d3d11: failed to create 2D texture shader resource view id=1036 [D3D error was 80070057]
d3d11: failed to create 2D texture id=1037 width=128 height=64 mips=8 dxgifmt=72 [D3D error was 887a0005]
d3d11: failed to create 2D texture id=1038 width=128 height=128 mips=1 dxgifmt=72 [D3D error was 887a0005]
d3d11: failed to create 2D texture shader resource view id=1037 [D3D error was 80070057]
d3d11: failed to create 2D texture shader resource view id=1038 [D3D error was 80070057]
d3d11: failed to create 2D texture id=1039 width=512 height=1024 mips=11 dxgifmt=77 [D3D error was 887a0005]
d3d11: failed to create 2D texture shader resource view id=1039 [D3D error was 80070057]
d3d11: failed to create 2D texture id=1040 width=128 height=128 mips=1 dxgifmt=72 [D3D error was 887a0005]
d3d11: failed to create 2D texture id=1041 width=64 height=128 mips=8 dxgifmt=72 [D3D error was 887a0005]
d3d11: failed to create 2D texture shader resource view id=1040 [D3D error was 80070057]
d3d11: failed to create 2D texture shader resource view id=1041 [D3D error was 80070057]
d3d11: failed to create 2D texture id=1042 width=1024 height=1024 mips=11 dxgifmt=77 [D3D error was 887a0005]
d3d11: failed to create 2D texture id=1043 width=512 height=512 mips=10 dxgifmt=72 [D3D error was 887a0005]
d3d11: failed to create 2D texture shader resource view id=1042 [D3D error was 80070057]
d3d11: failed to create 2D texture id=1044 width=512 height=256 mips=10 dxgifmt=72 [D3D error was 887a0005]
d3d11: failed to create 2D texture shader resource view id=1043 [D3D error was 80070057]
d3d11: failed to create 2D texture shader resource view id=1044 [D3D error was 80070057]
d3d11: failed to create 2D texture id=1045 width=2048 height=2048 mips=12 dxgifmt=71 [D3D error was 887a0005]
d3d11: failed to create 2D texture shader resource view id=1045 [D3D error was 80070057]
d3d11: failed to create 2D texture id=1046 width=256 height=256 mips=9 dxgifmt=77 [D3D error was 887a0005]
d3d11: failed to create 2D texture shader resource view id=1046 [D3D error was 80070057]
d3d11: failed to create 2D texture id=1048 width=512 height=512 mips=10 dxgifmt=78 [D3D error was 887a0005]
d3d11: failed to create 2D texture shader resource view id=1048 [D3D error was 80070057]
d3d11: failed to create 2D texture id=1049 width=64 height=128 mips=1 dxgifmt=72 [D3D error was 887a0005]
d3d11: failed to create 2D texture shader resource view id=1049 [D3D error was 80070057]
d3d11: failed to create 2D texture id=1050 width=128 height=64 mips=8 dxgifmt=72 [D3D error was 887a0005]
d3d11: failed to create 2D texture shader resource view id=1050 [D3D error was 80070057]
d3d11: failed to create 2D texture id=1051 width=2048 height=1024 mips=12 dxgifmt=77 [D3D error was 887a0005]
d3d11: failed to create 2D texture shader resource view id=1051 [D3D error was 80070057]
d3d11: failed to create 2D texture id=1052 width=512 height=512 mips=10 dxgifmt=72 [D3D error was 887a0005]
d3d11: failed to create 2D texture shader resource view id=1052 [D3D error was 80070057]
d3d11: failed to create 2D texture id=1053 width=128 height=256 mips=1 dxgifmt=72 [D3D error was 887a0005]
d3d11: failed to create 2D texture shader resource view id=1053 [D3D error was 80070057]
d3d11: failed to create 2D texture id=1054 width=1024 height=1024 mips=11 dxgifmt=72 [D3D error was 887a0005]
d3d11: failed to create 2D texture shader resource view id=1054 [D3D error was 80070057]
d3d11: failed to create 2D texture id=1055 width=512 height=512 mips=10 dxgifmt=72 [D3D error was 887a0005]
d3d11: failed to create 2D texture id=1056 width=64 height=128 mips=1 dxgifmt=72 [D3D error was 887a0005]
d3d11: failed to create 2D texture shader resource view id=1055 [D3D error was 80070057]
d3d11: failed to create 2D texture shader resource view id=1056 [D3D error was 80070057]
d3d11: failed to create 2D texture id=1057 width=2048 height=1024 mips=12 dxgifmt=71 [D3D error was 887a0005]
d3d11: failed to create 2D texture shader resource view id=1057 [D3D error was 80070057]
d3d11: failed to create 2D texture id=1058 width=1024 height=1024 mips=11 dxgifmt=72 [D3D error was 887a0005]
d3d11: failed to create 2D texture shader resource view id=1058 [D3D error was 80070057]
d3d11: failed to create 2D texture id=1059 width=2048 height=1024 mips=12 dxgifmt=72 [D3D error was 887a0005]
d3d11: failed to create 2D texture id=1060 width=512 height=512 mips=10 dxgifmt=72 [D3D error was 887a0005]
d3d11: failed to create 2D texture shader resource view id=1059 [D3D error was 80070057]
d3d11: failed to create 2D texture id=1061 width=128 height=128 mips=1 dxgifmt=72 [D3D error was 887a0005]
d3d11: failed to create 2D texture shader resource view id=1060 [D3D error was 80070057]
d3d11: failed to create 2D texture shader resource view id=1061 [D3D error was 80070057]
d3d11: failed to create 2D texture id=1062 width=128 height=128 mips=1 dxgifmt=72 [D3D error was 887a0005]
d3d11: failed to create 2D texture id=1047 width=2048 height=2048 mips=12 dxgifmt=72 [D3D error was 887a0005]
d3d11: failed to create 2D texture shader resource view id=1047 [D3D error was 80070057]
d3d11: failed to create 2D texture shader resource view id=1062 [D3D error was 80070057]
Crash!!!
  ERROR: Error while initializing dbghelp.dll, GetLastError: 'The operation completed successfully.' (Address: 0000000000000000)

========== OUTPUTTING STACK TRACE ==================

  ERROR: Error while initializing dbghelp.dll, GetLastError: 'The operation completed successfully.' (Address: 0000000000000000)

========== END OF STACKTRACE ===========

A crash has been intercepted by the crash handler. For call stack and other details, see the latest crash report generated in:
 * C:/Users/Admin/AppData/Local/Temp/Shockfront/NuclearOption/Crashes
