[Message:   BepInEx] BepInEx 5.4.23.5 - NuclearOption (6/12/2026 12:44:34 AM)
[Info   :   BepInEx] Running under Unity v2022.3.62.7762112
[Info   :   BepInEx] CLR runtime version: 4.0.30319.42000
[Info   :   BepInEx] Supports SRE: True
[Info   :   BepInEx] System platform: Bits64, Windows
[Message:   BepInEx] Preloader started
[Info   :   BepInEx] Loaded 1 patcher method from [BepInEx.Preloader 5.4.23.5]
[Info   :   BepInEx] 1 patcher plugin loaded
[Info   :   BepInEx] Patching [UnityEngine.CoreModule] with [BepInEx.Chainloader]
[Message:   BepInEx] Preloader finished
[Message:   BepInEx] Chainloader ready
[Message:   BepInEx] Chainloader started
[Info   :   BepInEx] 3 plugins to load
[Info   :   BepInEx] Loading [AMRAAM Lofted ARH Missile 1.0.0]
[Info   :AMRAAM Lofted ARH Missile] AMRAAM hooks installed. Registration runs after the weapon encyclopedia loads.
[Info   :   BepInEx] Loading [ARH Missile Interceptor 1.0.0]
[Info   :ARH Missile Interceptor] ARH missile interception enabled
[Info   :   BepInEx] Loading [Kill and Cost Tracker 1.5.0]
[Info   :Kill and Cost Tracker] Loaded persistent totals: 34 direct player kills across 2 faction records.
[Info   :Kill and Cost Tracker] Installed update driver patch: MainMenu.Update.
[Info   :Kill and Cost Tracker] Installed update driver patch: MissionManager.Update.
[Info   :Kill and Cost Tracker] Installed update driver patch: SteamManager.Update.
[Info   :Kill and Cost Tracker] Installed update driver patch: HUDAppManager.Update.
[Info   :Kill and Cost Tracker] Kill and Cost Tracker 1.5.0 loaded. Press F7 to toggle.
[Message:   BepInEx] Chainloader startup complete
[Warning:Kill and Cost Tracker] BepInEx plugin host was destroyed during startup; the standalone tracker runtime will continue across scenes.
[Info   :Kill and Cost Tracker] Tracker runtime update is active.
[Info   :Kill and Cost Tracker] Tracker Canvas created from an active game frame at 320x200.
[Info   :AMRAAM Lofted ARH Missile] AMRAAM registered: 14 mounts, 36 hardpoint options; cost=1 million, range=140000 m, mass=161.5 kg; donor=AAM-29 Scythe
[Info   :AMRAAM Lofted ARH Missile] AMRAAM_SMOKE_PASS
